[00:20:22] === Arainco: Pata L en vértice — DIAG ===
[00:20:29] --- INICIO pata L ---
[00:20:29] pata_start=False pata_end=True largo_mm=100 dir=(0.000,0.000,1.000)
[00:20:29] rebar src id=881595
[00:20:29] --- SNAPSHOT config rebar=881595 ---
[00:20:29] --- SNAPSHOT IndependentTag rebar=881595 ---
[00:20:30] pack_tag OK tag=881618 type=465293 view=846450 leader=False head=(128.853878613,45.9743076341,43.4711286089)
[00:20:30]   ADD tag id=881618 source=ElementClassFilter(IndependentTag)
[00:20:30] GetDependentElements[ElementClassFilter(IndependentTag)] count=1
[00:20:30]   skip duplicate tag id=881618
[00:20:30] GetDependentElements[ElementCategoryFilter(OST_RebarTags)] count=1
[00:20:30]   skip duplicate tag id=881618
[00:20:30] Collector[OfClass(IndependentTag)] scan=3693 link_match=1
[00:20:30]   skip duplicate tag id=881618
[00:20:30] Collector[OfCategory(OST_RebarTags)] scan=2186 link_match=1
[00:20:30] snapshot tags RESULT count=1 stats={'skip_mra': 0, 'coll_link_match': 1, 'ok': 1, 'dep_cat': 1, 'skip_pack': 0, 'coll_class_scan': 3693, 'coll_cat_scan': 2186, 'dep_class': 1}
[00:20:30] snapshot summary: tags=1 mra=1 pres_views=199 hooks=2 params=28 style=Standard
[00:20:30] --- TX: extend_rebar_pata_l ---
[00:20:30] nuevo rebar id=881663 avisos_extend=Capturado: 1 etiqueta(s), 1 MRA.
[00:20:30] --- TX: apply_rebar_config (tags/MRA/…) ---
[00:20:30] --- APPLY config → new_rebar=881663 ---
[00:20:30] Style omitido: Rebar sin propiedad Style en esta build.
[00:20:31] presentation applied views≈103
[00:20:32] --- RECREATE tags n_src=1 new_rebar=881663 ---
[00:20:32] Regenerate pre-tag OK
[00:20:32] recreate[0] type=465293 view=846450 src_tag=881618
[00:20:32] --- CREATE IndependentTag type=465293 view=846450 rebar=881663 ---
[00:20:32] view Name=01_LO_CIELO_6°_GENERAL_(ARMADURA INFERIOR) IsTemplate=False type=ViewPlan
[00:20:32] insert point=(128.8539,45.9743,43.4711) leader_req=False
[00:20:32] tag type class=FamilySymbol name= active=True
[00:20:32] refs from subelements tries≈3
[00:20:32] NumberOfBarPositions=3
[00:20:32] geom refs use_view=True incl_nv=False total_refs=4
[00:20:32] refs TOTAL n=4 sources=subelement,subelement,subelement,Reference(rebar)
[00:20:32] OK Create A typeId ref#0 leader=False orient=Horizontal tagId=881664 attempts=1
[00:20:33] recreate[0] SUCCESS id=881664
[00:20:33] RECREATE done ok=1 err=0
[00:20:33] --- RECREATE MRA ---
[00:20:33] MRA recreated=1 src=1
[00:20:33] post-check IndependentTag linked to new rebar: 1
[00:20:34] APPLY DONE tags 1/1 mra 1/1 errs=[]
[00:20:34] TX Commit OK
