[00:17:23] === Arainco: Pata L en vértice — DIAG ===
[00:17:30] --- INICIO pata L ---
[00:17:30] pata_start=False pata_end=True largo_mm=100 dir=(0.000,0.000,1.000)
[00:17:30] rebar src id=881126
[00:17:30] --- SNAPSHOT config rebar=881126 ---
[00:17:30] --- SNAPSHOT IndependentTag rebar=881126 ---
[00:17:30] pack_tag OK tag=881134 type=465293 view=846450 leader=False head=(124.589148704,32.6287192335,43.4711286089)
[00:17:30]   ADD tag id=881134 source=ElementClassFilter(IndependentTag)
[00:17:30] GetDependentElements[ElementClassFilter(IndependentTag)] count=1
[00:17:30]   skip duplicate tag id=881134
[00:17:30] GetDependentElements[ElementCategoryFilter(OST_RebarTags)] count=1
[00:17:31]   skip duplicate tag id=881134
[00:17:31] Collector[OfClass(IndependentTag)] scan=3707 link_match=1
[00:17:31]   skip duplicate tag id=881134
[00:17:31] Collector[OfCategory(OST_RebarTags)] scan=2200 link_match=1
[00:17:31] snapshot tags RESULT count=1 stats={'skip_mra': 0, 'coll_link_match': 1, 'ok': 1, 'dep_cat': 1, 'skip_pack': 0, 'coll_class_scan': 3707, 'coll_cat_scan': 2200, 'dep_class': 1}
[00:17:31] snapshot summary: tags=1 mra=1 pres_views=199 hooks=2 params=28
[00:17:31] --- TX: extend_rebar_pata_l ---
[00:17:31] nuevo rebar id=881186 avisos_extend=Capturado: 1 etiqueta(s), 1 MRA.
[00:17:31] --- TX: apply_rebar_config (tags/MRA/…) ---
[00:17:31] --- APPLY config → new_rebar=881186 ---
[00:17:31] Style: 'Rebar' object has no attribute 'Style'
[00:17:31]   | Traceback (most recent call last):
[00:17:31]   |   File "C:\Users\jinun\CustomRevitExtensions\BIMTools.extension\scripts\rebar_pata_l_vertice.py", line 2108, in _apply_rebar_config
[00:17:31]   |     dst.Style = style
[00:17:31]   | AttributeError: 'Rebar' object has no attribute 'Style'
[00:17:32] presentation applied views≈103
[00:17:32] --- RECREATE tags n_src=1 new_rebar=881186 ---
[00:17:33] Regenerate pre-tag OK
[00:17:33] recreate[0] type=465293 view=846450 src_tag=881134
[00:17:33] --- CREATE IndependentTag type=465293 view=846450 rebar=881186 ---
[00:17:33] view Name=01_LO_CIELO_6°_GENERAL_(ARMADURA INFERIOR) IsTemplate=False type=ViewPlan
[00:17:33] insert point=(124.5891,32.6287,43.4711) leader_req=False
[00:17:33] tag type class=FamilySymbol name= active=True
[00:17:33] refs from subelements tries≈14
[00:17:33] NumberOfBarPositions=14
[00:17:33] geom refs use_view=True incl_nv=False total_refs=15
[00:17:33] refs TOTAL n=15 sources=subelement,subelement,subelement,subelement,subelement,subelement,subelement,subelement,subelement,subelement,subelement,subelement
[00:17:33] OK Create A typeId ref#0 leader=False orient=Horizontal tagId=881187 attempts=1
[00:17:33] recreate[0] SUCCESS id=881187
[00:17:34] RECREATE done ok=1 err=0
[00:17:34] --- RECREATE MRA ---
[00:17:34] MRA recreated=1 src=1
[00:17:34] APPLY DONE tags 1/1 mra 1/1 errs=[]
[00:17:34] TX Commit OK
