[00:41:35] === Arainco: Pata L en vértice — DIAG ===
[00:41:43] --- INICIO pata L ---
[00:41:43] pata_start=False pata_end=True largo_mm=100 dir=(0.000,0.000,1.000)
[00:41:43] rebar src id=882335
[00:41:43] --- SNAPSHOT config rebar=882335 ---
[00:41:43] --- SNAPSHOT IndependentTag rebar=882335 ---
[00:41:43] pack_tag OK tag=882354 type=465293 view=846450 leader=False head=(122.977963393,41.8482808755,43.4711286089)
[00:41:43]   ADD tag id=882354 source=ElementClassFilter(IndependentTag)
[00:41:43] GetDependentElements[ElementClassFilter(IndependentTag)] count=1
[00:41:43]   skip duplicate tag id=882354
[00:41:43] GetDependentElements[ElementCategoryFilter(OST_RebarTags)] count=1
[00:41:44]   skip duplicate tag id=882354
[00:41:44] Collector[OfClass(IndependentTag)] scan=3689 link_match=1
[00:41:44]   skip duplicate tag id=882354
[00:41:44] Collector[OfCategory(OST_RebarTags)] scan=2182 link_match=1
[00:41:44] snapshot tags RESULT count=1 stats={'skip_mra': 0, 'coll_link_match': 1, 'ok': 1, 'dep_cat': 1, 'skip_pack': 0, 'coll_class_scan': 3689, 'coll_cat_scan': 2182, 'dep_class': 1}
[00:41:44] snapshot summary: tags=1 mra=1 pres_views=199 hooks=2 params=28 style=Standard
[00:41:44] --- TX: extend_rebar_pata_l ---
[00:41:44] nuevo rebar id=882396 avisos_extend=Capturado: 1 etiqueta(s), 1 MRA.
[00:41:44] --- TX: apply_rebar_config (tags/MRA/…) ---
[00:41:44] --- APPLY config → new_rebar=882396 ---
[00:41:44] Style omitido: Rebar sin propiedad Style en esta build.
[00:41:44] presentation applied views≈103
[00:41:45] --- RECREATE tags n_src=1 new_rebar=882396 active_view=None ---
[00:41:45] Regenerate pre-tag OK
[00:41:45] recreate[0] type_seed=465293 view_origen=846450 src_tag=882354
[00:41:45] tag[0] target=ORIGEN «01_LO_CIELO_6°_GENERAL_(ARMADURA INFERIOR)» id=846450 (activa no válida para tag/MRA)
[00:41:45] rebar shape candidates=['02']
[00:41:45] tag type por shape «02» → Id=465295 Name= (seed=465293)
[00:41:45] --- CREATE IndependentTag type=465295 view=846450 rebar=882396 ---
[00:41:45] view Name=01_LO_CIELO_6°_GENERAL_(ARMADURA INFERIOR) IsTemplate=False type=ViewPlan
[00:41:45] insert point=(122.9780,41.8483,43.4711) leader_req=False
[00:41:45] tag type class=FamilySymbol name= active=True
[00:41:45] refs from subelements tries≈21
[00:41:45] NumberOfBarPositions=21
[00:41:45] geom refs use_view=True incl_nv=False total_refs=22
[00:41:45] refs TOTAL n=22 sources=subelement,subelement,subelement,subelement,subelement,subelement,subelement,subelement,subelement,subelement,subelement,subelement
[00:41:45] OK Create A typeId ref#0 leader=False orient=Horizontal tagId=882397 attempts=1
[00:41:45] rebar shape candidates=['02']
[00:41:45] tag type por shape «02» → Id=465295 Name= (seed=465295)
[00:41:45] tag type ya coincide con shape
[00:41:45] verify OK tag=882397 view=«01_LO_CIELO_6°_GENERAL_(ARMADURA INFERIOR)» type=«» orphaned=False
[00:41:45] recreate[0] SUCCESS id=882397 en vista activa/destino
[00:41:45] RECREATE done ok=1 err=0
[00:41:45] --- RECREATE MRA ---
[00:41:45] MRA recreated=(1, []) src=1
[00:41:45] post-check IndependentTag linked to new rebar: 1
[00:41:45] APPLY DONE tags 1/1 mra (1, [])/1 errs=[]
[00:41:46] TX Commit OK
