[00:53:18] === Arainco: Pata L en vértice — DIAG ===
[00:53:22] --- INICIO pata L ---
[00:53:22] pata_start=False pata_end=True largo_mm=100 dir=(0.000,0.000,1.000)
[00:53:23] rebar src id=882322
[00:53:23] active_view «01_LO_CIELO_6°_GENERAL_(ARMADURA INFERIOR)» id=846450
[00:53:23] --- SNAPSHOT config rebar=882322 ---
[00:53:23] --- SNAPSHOT IndependentTag rebar=882322 ---
[00:53:23] pack_tag OK tag=882341 type=465293 «» family=680812 «EST_A_STRUCTURAL REBAR TAG» view=846450 leader=False head=(130.039565041,50.3629425507,43.4711286089)
[00:53:23]   ADD tag id=882341 source=ElementClassFilter(IndependentTag)
[00:53:23] GetDependentElements[ElementClassFilter(IndependentTag)] count=1
[00:53:23]   skip duplicate tag id=882341
[00:53:23] GetDependentElements[ElementCategoryFilter(OST_RebarTags)] count=1
[00:53:23]   skip duplicate tag id=882341
[00:53:23] Collector[OfClass(IndependentTag)] scan=3689 link_match=1
[00:53:23]   skip duplicate tag id=882341
[00:53:23] Collector[OfCategory(OST_RebarTags)] scan=2182 link_match=1
[00:53:23] snapshot tags RESULT count=1 stats={'skip_mra': 0, 'coll_link_match': 1, 'ok': 1, 'dep_cat': 1, 'skip_pack': 0, 'coll_class_scan': 3689, 'coll_cat_scan': 2182, 'dep_class': 1}
[00:53:23] snapshot summary: tags=1 mra=1 pres_views=199 hooks=2 params=28 style=Standard
[00:53:23] --- TX: extend_rebar_pata_l ---
[00:53:23] nuevo rebar id=882461 avisos_extend=Capturado: 1 etiqueta(s), 1 MRA.
[00:53:23] nuevo rebar shape candidates=['02']
[00:53:23] --- TX: apply_rebar_config (tags/MRA/…) ---
[00:53:23] --- APPLY config → new_rebar=882461 active_view=846450 ---
[00:53:23] Style omitido: Rebar sin propiedad Style en esta build.
[00:53:24] presentation applied views≈123
[00:53:25] --- RECREATE tags n_src=1 new_rebar=882461 active_view=846450 ---
[00:53:25] Regenerate pre-tag OK
[00:53:25] recreate[0] family=«EST_A_STRUCTURAL REBAR TAG» seed_type=465293 «» view_origen=846450 src_tag=882341
[00:53:25] tag[0] target=ACTIVE «01_LO_CIELO_6°_GENERAL_(ARMADURA INFERIOR)» id=846450
[00:53:25] mid principal: curve#0/3 L=8748.0 mm pos=17 pt=(130.004,58.372,43.471)
[00:53:25] rebar shape candidates (nuevo)=['02']
[00:53:25] familia etiqueta «EST_A_STRUCTURAL REBAR TAG» tipos-keys muestra=['18', '8', 'Espaciamiento', '4', '9', '10', '6', '7', '5', 'Marca - Cantidad - Diametro - Espaciamiento', 'marca - cantidad - diametro - espaciamiento', '09'] n_keys=28
[00:53:25] tag type RESUELTO por shape «02» → Id=465295 Name=«» familia=«EST_A_STRUCTURAL REBAR TAG» (seed origen=465293)
[00:53:25] tag[0] create type Id=465295 «» (shape nuevo; familia «EST_A_STRUCTURAL REBAR TAG»)
[00:53:25] --- CREATE IndependentTag type=465295 view=846450 rebar=882461 ---
[00:53:25] view Name=01_LO_CIELO_6°_GENERAL_(ARMADURA INFERIOR) IsTemplate=False type=ViewPlan
[00:53:25] insert point=(130.0036,58.3719,43.4711) leader_req=False
[00:53:25] tag type class=FamilySymbol name= active=True
[00:53:25] refs from subelements tries≈34
[00:53:25] NumberOfBarPositions=34
[00:53:25] geom refs use_view=True incl_nv=False total_refs=35
[00:53:25] refs TOTAL n=35 sources=subelement,subelement,subelement,subelement,subelement,subelement,subelement,subelement,subelement,subelement,subelement,subelement
[00:53:25] TagHead Create A OK=(130.004,58.372,43.471)
[00:53:25] OK Create A typeId ref#0 leader=False orient=Horizontal tagId=882462 attempts=1
[00:53:25] TagHead pre-sync OK=(130.004,58.372,43.471)
[00:53:25] rebar shape candidates (nuevo)=['02']
[00:53:25] familia etiqueta «EST_A_STRUCTURAL REBAR TAG» tipos-keys muestra=['18', '8', 'Espaciamiento', '4', '9', '10', '6', '7', '5', 'Marca - Cantidad - Diametro - Espaciamiento', 'marca - cantidad - diametro - espaciamiento', '09'] n_keys=28
[00:53:25] tag type RESUELTO por shape «02» → Id=465295 Name=«» familia=«EST_A_STRUCTURAL REBAR TAG» (seed origen=465293)
[00:53:25] tag type ya coincide con shape nuevo
[00:53:25] TagHead FINAL mid principal OK=(130.004,58.372,43.471)
[00:53:25] verify OK tag=882462 view=«01_LO_CIELO_6°_GENERAL_(ARMADURA INFERIOR)» type=«» orphaned=False
[00:53:25] recreate[0] SUCCESS id=882462 en vista activa/destino
[00:53:25] RECREATE done ok=1 err=0
[00:53:25] --- RECREATE MRA n_src=1 active_view=846450 ---
[00:53:25] mra[0] target=ACTIVE «01_LO_CIELO_6°_GENERAL_(ARMADURA INFERIOR)» id=846450
[00:53:25] mra spacing fallback view.RightDirection
[00:53:25] mra[0] p_mid=(130.004,58.372,43.471) p_line=(130.004,57.388,43.471)
[00:53:25] mra Create: some references can't be used with a DimensionStyleType Linear dimension of this direction. References must either appear as points in the view or be linear references which are perpendicular to the dimension line.
Parameter name: options
[00:53:25]   | Traceback (most recent call last):
[00:53:25]   |   File "C:\Users\jinun\CustomRevitExtensions\BIMTools.extension\scripts\rebar_pata_l_vertice.py", line 2788, in _recrear_mra
[00:53:25]   |     mra = MultiReferenceAnnotation.Create(doc, view.Id, opts)
[00:53:25]   | Exception: some references can't be used with a DimensionStyleType Linear dimension of this direction. References must either appear as points in the view or be linear references which are perpendicular to the dimension line.
[00:53:25]   | Parameter name: options
[00:53:25] MRA recreated=0 src=1 errs=["MRA Create: some references can't be used with a DimensionStyleType Linear dimension of this direction. References must either appear as points in the view or be linear references which are perpendicular to the dimension line.\r\nParameter name: options"]
[00:53:25] post-check IndependentTag linked to new rebar: 1
[00:53:25] APPLY DONE tags 1/1 mra 0/1 errs=["MRA Create: some references can't be used with a DimensionStyleType Linear dimension of this direction. References must either appear as points in the view or be linear references which are perpendicular to the dimension line.\r\nParameter name: options"]
[00:53:25] TX Commit OK
