[00:22:59] === Arainco: Pata L en vértice — DIAG ===
[00:23:09] --- INICIO pata L ---
[00:23:09] pata_start=False pata_end=True largo_mm=100 dir=(0.000,0.000,1.000)
[00:23:09] rebar src id=881579
[00:23:09] --- SNAPSHOT config rebar=881579 ---
[00:23:09] --- SNAPSHOT IndependentTag rebar=881579 ---
[00:23:09] pack_tag OK tag=881602 type=465293 view=846450 leader=False head=(130.318436432,50.6303535354,43.4711286089)
[00:23:09]   ADD tag id=881602 source=ElementClassFilter(IndependentTag)
[00:23:09] GetDependentElements[ElementClassFilter(IndependentTag)] count=1
[00:23:09]   skip duplicate tag id=881602
[00:23:09] GetDependentElements[ElementCategoryFilter(OST_RebarTags)] count=1
[00:23:09]   skip duplicate tag id=881602
[00:23:09] Collector[OfClass(IndependentTag)] scan=3693 link_match=1
[00:23:09]   skip duplicate tag id=881602
[00:23:09] Collector[OfCategory(OST_RebarTags)] scan=2186 link_match=1
[00:23:09] snapshot tags RESULT count=1 stats={'skip_mra': 0, 'coll_link_match': 1, 'ok': 1, 'dep_cat': 1, 'skip_pack': 0, 'coll_class_scan': 3693, 'coll_cat_scan': 2186, 'dep_class': 1}
[00:23:09] snapshot summary: tags=1 mra=1 pres_views=199 hooks=2 params=28 style=Standard
[00:23:09] --- TX: extend_rebar_pata_l ---
[00:23:09] nuevo rebar id=881687 avisos_extend=Capturado: 1 etiqueta(s), 1 MRA.
[00:23:09] --- TX: apply_rebar_config (tags/MRA/…) ---
[00:23:09] --- APPLY config → new_rebar=881687 ---
[00:23:09] Style omitido: Rebar sin propiedad Style en esta build.
[00:23:10] presentation applied views≈123
[00:23:11] --- RECREATE tags n_src=1 new_rebar=881687 ---
[00:23:11] Regenerate pre-tag OK
[00:23:11] recreate[0] type_seed=465293 view=846450 src_tag=881602
[00:23:11] rebar shape candidates=['02']
[00:23:11] tag type por shape «02» → Id=465295 Name= (seed=465293)
[00:23:11] --- CREATE IndependentTag type=465295 view=846450 rebar=881687 ---
[00:23:11] view Name=01_LO_CIELO_6°_GENERAL_(ARMADURA INFERIOR) IsTemplate=False type=ViewPlan
[00:23:11] insert point=(130.3184,50.6304,43.4711) leader_req=False
[00:23:11] tag type class=FamilySymbol name= active=True
[00:23:11] refs from subelements tries≈34
[00:23:11] NumberOfBarPositions=34
[00:23:11] geom refs use_view=True incl_nv=False total_refs=35
[00:23:11] refs TOTAL n=35 sources=subelement,subelement,subelement,subelement,subelement,subelement,subelement,subelement,subelement,subelement,subelement,subelement
[00:23:11] OK Create A typeId ref#0 leader=False orient=Horizontal tagId=881688 attempts=1
[00:23:11] rebar shape candidates=['02']
[00:23:11] tag type por shape «02» → Id=465295 Name= (seed=465295)
[00:23:11] tag type ya coincide con shape
[00:23:11] verify OK tag=881688 view=«01_LO_CIELO_6°_GENERAL_(ARMADURA INFERIOR)» type=«» orphaned=False
[00:23:11] recreate[0] SUCCESS id=881688
[00:23:11] RECREATE done ok=1 err=0
[00:23:11] --- RECREATE MRA ---
[00:23:11] MRA recreated=0 src=1
[00:23:12] post-check IndependentTag linked to new rebar: 1
[00:23:12] APPLY DONE tags 1/1 mra 0/1 errs=[]
[00:23:12] TX Commit OK
