[00:23:56] === Arainco: Pata L en vértice — DIAG ===
[00:24:02] --- INICIO pata L ---
[00:24:02] pata_start=False pata_end=True largo_mm=100 dir=(0.000,0.000,1.000)
[00:24:02] rebar src id=881579
[00:24:03] --- SNAPSHOT config rebar=881579 ---
[00:24:03] --- SNAPSHOT IndependentTag rebar=881579 ---
[00:24:03] pack_tag OK tag=881602 type=465293 view=846450 leader=False head=(130.318436432,50.6303535354,43.4711286089)
[00:24:03]   ADD tag id=881602 source=ElementClassFilter(IndependentTag)
[00:24:03] GetDependentElements[ElementClassFilter(IndependentTag)] count=1
[00:24:03]   skip duplicate tag id=881602
[00:24:03] GetDependentElements[ElementCategoryFilter(OST_RebarTags)] count=1
[00:24:03]   skip duplicate tag id=881602
[00:24:03] Collector[OfClass(IndependentTag)] scan=3693 link_match=1
[00:24:03]   skip duplicate tag id=881602
[00:24:03] Collector[OfCategory(OST_RebarTags)] scan=2186 link_match=1
[00:24:03] snapshot tags RESULT count=1 stats={'skip_mra': 0, 'coll_link_match': 1, 'ok': 1, 'dep_cat': 1, 'skip_pack': 0, 'coll_class_scan': 3693, 'coll_cat_scan': 2186, 'dep_class': 1}
[00:24:03] snapshot summary: tags=1 mra=1 pres_views=199 hooks=2 params=28 style=Standard
[00:24:03] --- TX: extend_rebar_pata_l ---
[00:24:03] nuevo rebar id=881699 avisos_extend=Capturado: 1 etiqueta(s), 1 MRA.
[00:24:03] --- TX: apply_rebar_config (tags/MRA/…) ---
[00:24:03] --- APPLY config → new_rebar=881699 ---
[00:24:03] Style omitido: Rebar sin propiedad Style en esta build.
[00:24:04] presentation applied views≈123
[00:24:04] --- RECREATE tags n_src=1 new_rebar=881699 ---
[00:24:04] Regenerate pre-tag OK
[00:24:04] recreate[0] type_seed=465293 view=846450 src_tag=881602
[00:24:04] rebar shape candidates=['02']
[00:24:05] tag type por shape «02» → Id=465295 Name= (seed=465293)
[00:24:05] --- CREATE IndependentTag type=465295 view=846450 rebar=881699 ---
[00:24:05] view Name=01_LO_CIELO_6°_GENERAL_(ARMADURA INFERIOR) IsTemplate=False type=ViewPlan
[00:24:05] insert point=(130.3184,50.6304,43.4711) leader_req=False
[00:24:05] tag type class=FamilySymbol name= active=True
[00:24:05] refs from subelements tries≈34
[00:24:05] NumberOfBarPositions=34
[00:24:05] geom refs use_view=True incl_nv=False total_refs=35
[00:24:05] refs TOTAL n=35 sources=subelement,subelement,subelement,subelement,subelement,subelement,subelement,subelement,subelement,subelement,subelement,subelement
[00:24:05] OK Create A typeId ref#0 leader=False orient=Horizontal tagId=881700 attempts=1
[00:24:05] rebar shape candidates=['02']
[00:24:05] tag type por shape «02» → Id=465295 Name= (seed=465295)
[00:24:05] tag type ya coincide con shape
[00:24:05] verify OK tag=881700 view=«01_LO_CIELO_6°_GENERAL_(ARMADURA INFERIOR)» type=«» orphaned=False
[00:24:05] recreate[0] SUCCESS id=881700
[00:24:05] RECREATE done ok=1 err=0
[00:24:05] --- RECREATE MRA ---
[00:24:05] MRA recreated=0 src=1
[00:24:05] post-check IndependentTag linked to new rebar: 1
[00:24:05] APPLY DONE tags 1/1 mra 0/1 errs=[]
[00:24:05] TX Commit OK
